ok   t-test-calculator 
ok   p-value-calculator 
ok   descriptive-statistics-calculator 
FIND ab-test-calculator -> FAQ details x0
ok   chi-square-calculator 
ok   confidence-interval-calculator 
ok   bootstrap-ci-calculator 
ok   multiple-testing-correction 
ok   equivalence-noninferiority-calculator 
ok   z-score-percentile 
ok   t-table 
ok   z-table 
ok   bayes-factor-calculator 
ok   bayes-theorem-calculator 
ok   lm-output-interpreter 
ok   glm-output-interpreter 
FIND anova-output-interpreter -> FAQ details x0
ok   diagnostic-plot-interpreter 
ok   vif-interpreter 
ok   confusion-matrix-interpreter 
ok   statistical-test-chooser 
ok   normality-test-picker 
ok   nonparametric-test-picker 
ok   dag-confounder-picker 
ok   power-analysis 
ok   survival-power-calculator 
ok   effect-size-converter 
ok   type-i-ii-error-visualizer 
ok   ts-stationarity-calculator 
ok   outlier-detection-calculator 
ok   roc-auc-calculator 
ok   cronbachs-alpha-calculator 
ok   reprex-builder 

audited: 33 | clean: 31 | flagged: 2
